{"elapsed_seconds": 0.007916208007372916, "running": ["agentdns-native-observer-d14db65e51af-status", "agentdns-native-observer-d14db65e51af-dnssec", "agentdns-native-observer-d14db65e51af-load"]}
{"elapsed_seconds": 30.104006500041578, "running": ["agentdns-native-observer-d14db65e51af-status", "agentdns-native-observer-d14db65e51af-dnssec", "agentdns-native-observer-d14db65e51af-load"]}
{"elapsed_seconds": 60.201345708046574, "running": ["agentdns-native-observer-d14db65e51af-status", "agentdns-native-observer-d14db65e51af-dnssec", "agentdns-native-observer-d14db65e51af-load"]}
{"elapsed_seconds": 90.29899845801992, "running": ["agentdns-native-observer-d14db65e51af-status", "agentdns-native-observer-d14db65e51af-dnssec", "agentdns-native-observer-d14db65e51af-load"]}
{"elapsed_seconds": 120.38635637500556, "running": ["agentdns-native-observer-d14db65e51af-status", "agentdns-native-observer-d14db65e51af-dnssec", "agentdns-native-observer-d14db65e51af-load"]}
{"elapsed_seconds": 150.50570500001777, "running": ["agentdns-native-observer-d14db65e51af-status", "agentdns-native-observer-d14db65e51af-dnssec", "agentdns-native-observer-d14db65e51af-load"]}
{"elapsed_seconds": 180.60072229104117, "running": ["agentdns-native-observer-d14db65e51af-status", "agentdns-native-observer-d14db65e51af-dnssec", "agentdns-native-observer-d14db65e51af-load"]}
{"elapsed_seconds": 210.68346529104747, "running": ["agentdns-native-observer-d14db65e51af-status", "agentdns-native-observer-d14db65e51af-dnssec", "agentdns-native-observer-d14db65e51af-load"]}
{"elapsed_seconds": 240.76929483300773, "running": ["agentdns-native-observer-d14db65e51af-status", "agentdns-native-observer-d14db65e51af-dnssec", "agentdns-native-observer-d14db65e51af-load"]}
{"elapsed_seconds": 270.8539722080459, "running": ["agentdns-native-observer-d14db65e51af-status", "agentdns-native-observer-d14db65e51af-dnssec", "agentdns-native-observer-d14db65e51af-load"]}
{"elapsed_seconds": 300.94845320802415, "running": ["agentdns-native-observer-d14db65e51af-status", "agentdns-native-observer-d14db65e51af-dnssec", "agentdns-native-observer-d14db65e51af-load"]}
{"elapsed_seconds": 331.0431923750439, "running": ["agentdns-native-observer-d14db65e51af-status", "agentdns-native-observer-d14db65e51af-dnssec", "agentdns-native-observer-d14db65e51af-load"]}
{"elapsed_seconds": 361.1193788750097, "running": ["agentdns-native-observer-d14db65e51af-status", "agentdns-native-observer-d14db65e51af-dnssec", "agentdns-native-observer-d14db65e51af-load"]}
{"elapsed_seconds": 391.20556700002635, "running": ["agentdns-native-observer-d14db65e51af-status", "agentdns-native-observer-d14db65e51af-dnssec", "agentdns-native-observer-d14db65e51af-load"]}
{"elapsed_seconds": 421.3045627080137, "running": ["agentdns-native-observer-d14db65e51af-status", "agentdns-native-observer-d14db65e51af-dnssec", "agentdns-native-observer-d14db65e51af-load"]}
{"elapsed_seconds": 451.38872475002427, "running": ["agentdns-native-observer-d14db65e51af-status", "agentdns-native-observer-d14db65e51af-dnssec", "agentdns-native-observer-d14db65e51af-load"]}
{"elapsed_seconds": 481.4818182910094, "running": ["agentdns-native-observer-d14db65e51af-status", "agentdns-native-observer-d14db65e51af-dnssec", "agentdns-native-observer-d14db65e51af-load"]}
{"elapsed_seconds": 511.5810101660318, "running": ["agentdns-native-observer-d14db65e51af-status", "agentdns-native-observer-d14db65e51af-dnssec", "agentdns-native-observer-d14db65e51af-load"]}
{"elapsed_seconds": 541.6788047080045, "running": ["agentdns-native-observer-d14db65e51af-status", "agentdns-native-observer-d14db65e51af-dnssec", "agentdns-native-observer-d14db65e51af-load"]}
{"elapsed_seconds": 571.7764960000059, "running": ["agentdns-native-observer-d14db65e51af-status", "agentdns-native-observer-d14db65e51af-dnssec", "agentdns-native-observer-d14db65e51af-load"]}
{"elapsed_seconds": 601.8812419580063, "running": ["agentdns-native-observer-d14db65e51af-status", "agentdns-native-observer-d14db65e51af-dnssec", "agentdns-native-observer-d14db65e51af-load"]}
{"elapsed_seconds": 631.9802962079993, "running": ["agentdns-native-observer-d14db65e51af-status", "agentdns-native-observer-d14db65e51af-dnssec", "agentdns-native-observer-d14db65e51af-load"]}
{"elapsed_seconds": 662.0803692910122, "running": ["agentdns-native-observer-d14db65e51af-status", "agentdns-native-observer-d14db65e51af-dnssec", "agentdns-native-observer-d14db65e51af-load"]}
{"elapsed_seconds": 692.1739212080138, "running": ["agentdns-native-observer-d14db65e51af-status", "agentdns-native-observer-d14db65e51af-dnssec", "agentdns-native-observer-d14db65e51af-load"]}
{"elapsed_seconds": 722.2653268330032, "running": ["agentdns-native-observer-d14db65e51af-status", "agentdns-native-observer-d14db65e51af-dnssec", "agentdns-native-observer-d14db65e51af-load"]}
{"elapsed_seconds": 752.3600574160228, "running": ["agentdns-native-observer-d14db65e51af-status", "agentdns-native-observer-d14db65e51af-dnssec", "agentdns-native-observer-d14db65e51af-load"]}
{"elapsed_seconds": 782.4688049580436, "running": ["agentdns-native-observer-d14db65e51af-status", "agentdns-native-observer-d14db65e51af-dnssec", "agentdns-native-observer-d14db65e51af-load"]}
{"elapsed_seconds": 812.5449467500439, "running": ["agentdns-native-observer-d14db65e51af-status", "agentdns-native-observer-d14db65e51af-dnssec", "agentdns-native-observer-d14db65e51af-load"]}
{"elapsed_seconds": 842.639706875023, "running": ["agentdns-native-observer-d14db65e51af-status", "agentdns-native-observer-d14db65e51af-dnssec", "agentdns-native-observer-d14db65e51af-load"]}
{"elapsed_seconds": 872.7171162910527, "running": ["agentdns-native-observer-d14db65e51af-status", "agentdns-native-observer-d14db65e51af-dnssec", "agentdns-native-observer-d14db65e51af-load"]}
{"elapsed_seconds": 902.8093295410508, "running": ["agentdns-native-observer-d14db65e51af-status", "agentdns-native-observer-d14db65e51af-dnssec", "agentdns-native-observer-d14db65e51af-load"]}
{"elapsed_seconds": 932.9018680830486, "running": ["agentdns-native-observer-d14db65e51af-status", "agentdns-native-observer-d14db65e51af-dnssec", "agentdns-native-observer-d14db65e51af-load"]}
{"elapsed_seconds": 963.0084894580068, "running": ["agentdns-native-observer-d14db65e51af-status", "agentdns-native-observer-d14db65e51af-dnssec", "agentdns-native-observer-d14db65e51af-load"]}
{"elapsed_seconds": 993.1022453330224, "running": ["agentdns-native-observer-d14db65e51af-status", "agentdns-native-observer-d14db65e51af-dnssec", "agentdns-native-observer-d14db65e51af-load"]}
{"elapsed_seconds": 1023.20197254105, "running": ["agentdns-native-observer-d14db65e51af-status", "agentdns-native-observer-d14db65e51af-dnssec", "agentdns-native-observer-d14db65e51af-load"]}
{"elapsed_seconds": 1053.2761899160105, "running": ["agentdns-native-observer-d14db65e51af-status", "agentdns-native-observer-d14db65e51af-dnssec", "agentdns-native-observer-d14db65e51af-load"]}
{"elapsed_seconds": 1083.3663077910314, "running": ["agentdns-native-observer-d14db65e51af-status", "agentdns-native-observer-d14db65e51af-dnssec", "agentdns-native-observer-d14db65e51af-load"]}
{"elapsed_seconds": 1113.458783500013, "running": ["agentdns-native-observer-d14db65e51af-status", "agentdns-native-observer-d14db65e51af-dnssec", "agentdns-native-observer-d14db65e51af-load"]}
{"elapsed_seconds": 1143.5428390830057, "running": ["agentdns-native-observer-d14db65e51af-status", "agentdns-native-observer-d14db65e51af-dnssec", "agentdns-native-observer-d14db65e51af-load"]}
{"elapsed_seconds": 1173.6505828750087, "running": ["agentdns-native-observer-d14db65e51af-status", "agentdns-native-observer-d14db65e51af-dnssec", "agentdns-native-observer-d14db65e51af-load"]}
{"elapsed_seconds": 1203.7471909580054, "running": ["agentdns-native-observer-d14db65e51af-status", "agentdns-native-observer-d14db65e51af-dnssec"]}
{"elapsed_seconds": 1233.8379093330004, "running": ["agentdns-native-observer-d14db65e51af-status", "agentdns-native-observer-d14db65e51af-dnssec"]}
{"elapsed_seconds": 1263.9530693330453, "running": ["agentdns-native-observer-d14db65e51af-dnssec"]}
{
  "status": "passed",
  "started_unix_seconds": 1789288403.557139,
  "ended_unix_seconds": 1789289671.521415,
  "status_observation": {
    "samples": 115,
    "failures": 0,
    "elapsed_seconds": 1250.9010947039997,
    "observed_serials": [
      14,
      15,
      16,
      17,
      18
    ],
    "all_samples_committed_unexpired": true
  },
  "dnssec_observation": {
    "source": "independent-public-BIND-DNSSEC-probes",
    "server": "20.166.33.141",
    "port": 53,
    "elapsed_seconds": 1267.4548004130002,
    "observed_serials": [
      14,
      15,
      16,
      17,
      18
    ],
    "external_validations": 84,
    "crossed_initial_signature_expiration": true,
    "all_samples_passed": true,
    "proof_limit": "CCF transaction provenance, leases and hardware require separate evidence; this verifier sends no mutations."
  },
  "fixed_load": {
    "server": "20.166.33.141",
    "port": 53,
    "dnssec_ok_bit": true,
    "offered_load_qps": 1000,
    "offered_sample_qps": 10,
    "started_unix_seconds": 1789288403.8701122,
    "ended_unix_seconds": 1789289604.3706431,
    "elapsed_seconds": 1200.5005318719996,
    "samples": 11985,
    "failed_samples": 15,
    "p50_ms": 152.115665,
    "p99_ms": 220.194206,
    "maximum_ms": 230.841123,
    "dnsperf": {
      "queries_sent": 1199461,
      "queries_completed": 1192214,
      "queries_lost": 7247,
      "completed_qps": 993.38948
    },
    "sampling": {
      "planned_samples": 12000,
      "maximum_inflight_samples": 22,
      "started_unix_seconds": 1789288403.870945,
      "ended_unix_seconds": 1789289603.9258883,
      "sampling_window_seconds": 1200,
      "attempted_samples": 12000,
      "missed_samples": 0,
      "achieved_sample_qps": 10.0
    },
    "load_maximum_outstanding_queries": 2000,
    "query_timeout_seconds": 2,
    "boundary": "Public DNS only; no registration or governance mutations. External idle delv validates signatures separately. This is a fixed offered load, not maximum capacity."
  },
  "metrics_boundary": "Frontend WAN timing includes network and client overhead. Azure resource memory and signing spans are collected separately; no RSS or signing duration is inferred here.",
  "cleanup_failures": [],
  "public_input_integrity": {
    "status": "passed",
    "checked_unix_seconds": 1789289671.580533,
    "expected_source_files": 2,
    "verified_source_files": 2,
    "post_execution_sha256": {
      "service_cert.pem": "50cb7ff11a90b5f317f9bcac82d37219bab33749ad780d66f4904ec75a12ee4e",
      "trust-anchor.conf": "0523b9491e4caab4ff75282894746bb733fe78891e734f3cfb6ae8b2f2691566"
    },
    "failures": []
  },
  "source_integrity": {
    "status": "passed",
    "checked_unix_seconds": 1789289671.5819352,
    "expected_source_files": 6,
    "verified_source_files": 6,
    "post_execution_sha256": {
      "tests/rust-integration/run_native_idle.py": "fb465523ba1e7801344b052540c7a3d82393e752f966fcd83ec47111241a2ae6",
      "tests/rust-integration/run_ccf.py": "e36bb7afe331e1a02cd7c75be5d8a4d1f06d354e92600b67a6be0165361db5c2",
      "tests/rust-integration/monitor_remote.py": "50e43df191a6a2b578940be52189e1708691cc9a14788b02532a87897518759f",
      "tests/rust-integration/benchmark_remote.py": "a91f7e173ec7f658e7b24856a2370c3c00c28aebd44b78e6513ab7690a16f201",
      "ccf/tests/observe_status.py": "0b703a8dd2812e749770932f73abecdaf5c793cbe708b10044644fcc1dba5498",
      "tools/http_limits.py": "c6a66cbba0f427322bd5bb31023dab189864625e4eae6f12ed7626ed75d37be6"
    },
    "failures": []
  }
}
