==70== Memcheck, a memory error detector
==70== Copyright (C) 2002-2022, and GNU GPL'd, by Julian Seward et al.
==70== Using Valgrind-3.22.0 and LibVEX; rerun with -h for copyright info
==70== Command: /build/release/agentdns-leakcheck
==70== Parent PID: 1
==70== 
==70== 
==70== HEAP SUMMARY:
==70==     in use at exit: 544 bytes in 1 blocks
==70==   total heap usage: 201,261 allocs, 201,260 frees, 175,679,500 bytes allocated
==70== 
==70== 544 bytes in 1 blocks are still reachable in loss record 1 of 1
==70==    at 0x4885250: malloc (in /usr/libexec/valgrind/vgpreload_memcheck-arm64-linux.so)
==70==    by 0x1E1BEB: alloc (alloc.rs:95)
==70==    by 0x1E1BEB: alloc_impl_runtime (alloc.rs:190)
==70==    by 0x1E1BEB: alloc_impl (alloc.rs:312)
==70==    by 0x1E1BEB: allocate (alloc.rs:429)
==70==    by 0x1E1BEB: try_new_uninit_in<alloc::collections::btree::node::LeafNode<usize, std::sys::pal::unix::stack_overflow::thread_info::ThreadInfo>, alloc::alloc::Global> (boxed.rs:614)
==70==    by 0x1E1BEB: new_uninit_in<alloc::collections::btree::node::LeafNode<usize, std::sys::pal::unix::stack_overflow::thread_info::ThreadInfo>, alloc::alloc::Global> (boxed.rs:581)
==70==    by 0x1E1BEB: new<usize, std::sys::pal::unix::stack_overflow::thread_info::ThreadInfo, alloc::alloc::Global> (node.rs:87)
==70==    by 0x1E1BEB: new_leaf<usize, std::sys::pal::unix::stack_overflow::thread_info::ThreadInfo, alloc::alloc::Global> (node.rs:225)
==70==    by 0x1E1BEB: insert_entry<usize, std::sys::pal::unix::stack_overflow::thread_info::ThreadInfo, alloc::alloc::Global> (entry.rs:403)
==70==    by 0x1E1BEB: insert<usize, std::sys::pal::unix::stack_overflow::thread_info::ThreadInfo, alloc::alloc::Global> (entry.rs:377)
==70==    by 0x1E1BEB: insert<usize, std::sys::pal::unix::stack_overflow::thread_info::ThreadInfo, alloc::alloc::Global> (map.rs:1053)
==70==    by 0x1E1BEB: std::sys::pal::unix::stack_overflow::thread_info::set_current_info (thread_info.rs:122)
==70==    by 0x1DEEF7: init (stack_overflow.rs:179)
==70==    by 0x1DEEF7: init (mod.rs:41)
==70==    by 0x1DEEF7: init (rt.rs:118)
==70==    by 0x1DEEF7: {closure#0} (rt.rs:173)
==70==    by 0x1DEEF7: do_call<std::rt::lang_start_internal::{closure_env#0}, isize> (panicking.rs:581)
==70==    by 0x1DEEF7: catch_unwind<isize, std::rt::lang_start_internal::{closure_env#0}> (panicking.rs:544)
==70==    by 0x1DEEF7: catch_unwind<std::rt::lang_start_internal::{closure_env#0}, isize> (panic.rs:359)
==70==    by 0x1DEEF7: std::rt::lang_start_internal (rt.rs:171)
==70==    by 0x15781F: main (in /build/release/agentdns-leakcheck)
==70== 
==70== LEAK SUMMARY:
==70==    definitely lost: 0 bytes in 0 blocks
==70==    indirectly lost: 0 bytes in 0 blocks
==70==      possibly lost: 0 bytes in 0 blocks
==70==    still reachable: 544 bytes in 1 blocks
==70==         suppressed: 0 bytes in 0 blocks
==70== 
==70== For lists of detected and suppressed errors, rerun with: -s
==70== ERROR SUMMARY: 0 errors from 0 contexts (suppressed: 0 from 0)
