==101== Memcheck, a memory error detector
==101== Copyright (C) 2002-2022, and GNU GPL'd, by Julian Seward et al.
==101== Using Valgrind-3.22.0 and LibVEX; rerun with -h for copyright info
==101== Command: /build/release/agentdns-leakcheck
==101== Parent PID: 100
==101== 
==101== 
==101== HEAP SUMMARY:
==101==     in use at exit: 544 bytes in 1 blocks
==101==   total heap usage: 337,549 allocs, 337,548 frees, 252,370,395 bytes allocated
==101== 
==101== 544 bytes in 1 blocks are still reachable in loss record 1 of 1
==101==    at 0x4885250: malloc (in /usr/libexec/valgrind/vgpreload_memcheck-arm64-linux.so)
==101==    by 0x2A1EF7: alloc (alloc.rs:95)
==101==    by 0x2A1EF7: alloc_impl_runtime (alloc.rs:190)
==101==    by 0x2A1EF7: alloc_impl (alloc.rs:312)
==101==    by 0x2A1EF7: allocate (alloc.rs:429)
==101==    by 0x2A1EF7: try_new_uninit_in<alloc::collections::btree::node::LeafNode<usize, std::sys::pal::unix::stack_overflow::thread_info::ThreadInfo>, alloc::alloc::Global> (boxed.rs:614)
==101==    by 0x2A1EF7: new_uninit_in<alloc::collections::btree::node::LeafNode<usize, std::sys::pal::unix::stack_overflow::thread_info::ThreadInfo>, alloc::alloc::Global> (boxed.rs:581)
==101==    by 0x2A1EF7: new<usize, std::sys::pal::unix::stack_overflow::thread_info::ThreadInfo, alloc::alloc::Global> (node.rs:87)
==101==    by 0x2A1EF7: new_leaf<usize, std::sys::pal::unix::stack_overflow::thread_info::ThreadInfo, alloc::alloc::Global> (node.rs:225)
==101==    by 0x2A1EF7: insert_entry<usize, std::sys::pal::unix::stack_overflow::thread_info::ThreadInfo, alloc::alloc::Global> (entry.rs:403)
==101==    by 0x2A1EF7: insert<usize, std::sys::pal::unix::stack_overflow::thread_info::ThreadInfo, alloc::alloc::Global> (entry.rs:377)
==101==    by 0x2A1EF7: insert<usize, std::sys::pal::unix::stack_overflow::thread_info::ThreadInfo, alloc::alloc::Global> (map.rs:1053)
==101==    by 0x2A1EF7: std::sys::pal::unix::stack_overflow::thread_info::set_current_info (thread_info.rs:122)
==101==    by 0x29EC9B: init (stack_overflow.rs:179)
==101==    by 0x29EC9B: init (mod.rs:41)
==101==    by 0x29EC9B: init (rt.rs:118)
==101==    by 0x29EC9B: {closure#0} (rt.rs:173)
==101==    by 0x29EC9B: do_call<std::rt::lang_start_internal::{closure_env#0}, isize> (panicking.rs:581)
==101==    by 0x29EC9B: catch_unwind<isize, std::rt::lang_start_internal::{closure_env#0}> (panicking.rs:544)
==101==    by 0x29EC9B: catch_unwind<std::rt::lang_start_internal::{closure_env#0}, isize> (panic.rs:359)
==101==    by 0x29EC9B: std::rt::lang_start_internal (rt.rs:171)
==101==    by 0x176B0F: main (in /build/release/agentdns-leakcheck)
==101== 
==101== LEAK SUMMARY:
==101==    definitely lost: 0 bytes in 0 blocks
==101==    indirectly lost: 0 bytes in 0 blocks
==101==      possibly lost: 0 bytes in 0 blocks
==101==    still reachable: 544 bytes in 1 blocks
==101==         suppressed: 0 bytes in 0 blocks
==101== 
==101== For lists of detected and suppressed errors, rerun with: -s
==101== ERROR SUMMARY: 0 errors from 0 contexts (suppressed: 0 from 0)
