Collecting certifi==2026.7.22 (from -r /src/ccf/requirements-otel.txt (line 3))
  Downloading certifi-2026.7.22-py3-none-any.whl.metadata (2.5 kB)
Collecting charset-normalizer==3.5.1 (from -r /src/ccf/requirements-otel.txt (line 4))
  Downloading charset_normalizer-3.5.1-cp312-cp312-manylinux2014_x86_64.manylinux_2_17_x86_64.manylinux_2_28_x86_64.whl.metadata (45 kB)
Collecting googleapis-common-protos==1.75.3 (from -r /src/ccf/requirements-otel.txt (line 5))
  Downloading googleapis_common_protos-1.75.3-py3-none-any.whl.metadata (8.5 kB)
Collecting idna==3.19 (from -r /src/ccf/requirements-otel.txt (line 6))
  Downloading idna-3.19-py3-none-any.whl.metadata (9.2 kB)
Collecting opentelemetry-api==1.44.0 (from -r /src/ccf/requirements-otel.txt (line 7))
  Downloading opentelemetry_api-1.44.0-py3-none-any.whl.metadata (1.4 kB)
Collecting opentelemetry-exporter-otlp-proto-common==1.44.0 (from -r /src/ccf/requirements-otel.txt (line 8))
  Downloading opentelemetry_exporter_otlp_proto_common-1.44.0-py3-none-any.whl.metadata (1.8 kB)
Collecting opentelemetry-exporter-otlp-proto-http==1.44.0 (from -r /src/ccf/requirements-otel.txt (line 9))
  Downloading opentelemetry_exporter_otlp_proto_http-1.44.0-py3-none-any.whl.metadata (2.4 kB)
Collecting opentelemetry-proto==1.44.0 (from -r /src/ccf/requirements-otel.txt (line 10))
  Downloading opentelemetry_proto-1.44.0-py3-none-any.whl.metadata (2.3 kB)
Collecting opentelemetry-sdk==1.44.0 (from -r /src/ccf/requirements-otel.txt (line 11))
  Downloading opentelemetry_sdk-1.44.0-py3-none-any.whl.metadata (1.6 kB)
Collecting opentelemetry-semantic-conventions==0.65b0 (from -r /src/ccf/requirements-otel.txt (line 12))
  Downloading opentelemetry_semantic_conventions-0.65b0-py3-none-any.whl.metadata (2.4 kB)
Collecting protobuf==7.36.1 (from -r /src/ccf/requirements-otel.txt (line 13))
  Downloading protobuf-7.36.1-cp310-abi3-manylinux2014_x86_64.whl.metadata (595 bytes)
Collecting requests==2.34.2 (from -r /src/ccf/requirements-otel.txt (line 14))
  Downloading requests-2.34.2-py3-none-any.whl.metadata (4.8 kB)
Collecting typing_extensions==4.16.0 (from -r /src/ccf/requirements-otel.txt (line 15))
  Downloading typing_extensions-4.16.0-py3-none-any.whl.metadata (3.3 kB)
Collecting urllib3==2.7.0 (from -r /src/ccf/requirements-otel.txt (line 16))
  Downloading urllib3-2.7.0-py3-none-any.whl.metadata (6.9 kB)
Downloading certifi-2026.7.22-py3-none-any.whl (136 kB)
Downloading charset_normalizer-3.5.1-cp312-cp312-manylinux2014_x86_64.manylinux_2_17_x86_64.manylinux_2_28_x86_64.whl (248 kB)
Downloading googleapis_common_protos-1.75.3-py3-none-any.whl (306 kB)
Downloading idna-3.19-py3-none-any.whl (68 kB)
Downloading opentelemetry_api-1.44.0-py3-none-any.whl (60 kB)
Downloading opentelemetry_exporter_otlp_proto_common-1.44.0-py3-none-any.whl (17 kB)
Downloading opentelemetry_exporter_otlp_proto_http-1.44.0-py3-none-any.whl (21 kB)
Downloading opentelemetry_proto-1.44.0-py3-none-any.whl (72 kB)
Downloading opentelemetry_sdk-1.44.0-py3-none-any.whl (137 kB)
Downloading opentelemetry_semantic_conventions-0.65b0-py3-none-any.whl (204 kB)
Downloading protobuf-7.36.1-cp310-abi3-manylinux2014_x86_64.whl (343 kB)
Downloading requests-2.34.2-py3-none-any.whl (73 kB)
Downloading typing_extensions-4.16.0-py3-none-any.whl (45 kB)
Downloading urllib3-2.7.0-py3-none-any.whl (131 kB)
Installing collected packages: urllib3, typing_extensions, protobuf, idna, charset-normalizer, certifi, requests, opentelemetry-proto, opentelemetry-api, googleapis-common-protos, opentelemetry-semantic-conventions, opentelemetry-exporter-otlp-proto-common, opentelemetry-sdk, opentelemetry-exporter-otlp-proto-http
Successfully installed certifi-2026.7.22 charset-normalizer-3.5.1 googleapis-common-protos-1.75.3 idna-3.19 opentelemetry-api-1.44.0 opentelemetry-exporter-otlp-proto-common-1.44.0 opentelemetry-exporter-otlp-proto-http-1.44.0 opentelemetry-proto-1.44.0 opentelemetry-sdk-1.44.0 opentelemetry-semantic-conventions-0.65b0 protobuf-7.36.1 requests-2.34.2 typing_extensions-4.16.0 urllib3-2.7.0
WARNING: Running pip as the 'root' user can result in broken permissions and conflicting behaviour with the system package manager, possibly rendering your system unusable.It is recommended to use a virtual environment instead: https://pip.pypa.io/warnings/venv. Use the --root-user-action option if you know what you are doing and want to suppress this warning.
