2026-09-13T03:25:45.053577Z 0   [info ] CCF/src/host/run.cpp:1011            | CCF version: ccf-7.0.15
2026-09-13T03:25:45.056203Z 0   [info ] CCF/src/host/run.cpp:1013            | CLI args: "/usr/local/bin/agentdns" "--config" "/config/node.json"
2026-09-13T03:25:45.056307Z 0   [info ] CCF/src/host/run.cpp:1039            | Configuration file /config/node.json:
{
  "command": {
    "service_certificate_file": "service_cert.pem",
    "start": {
      "constitution_files": [
        "/opt/agentdns/governance/constitution.js"
      ],
      "cose_signatures": {
        "issuer": "agentdns",
        "subject": "ledger.signature"
      },
      "initial_service_certificate_validity_days": 7,
      "members": [
        {
          "certificate_file": "/config/member0_cert.pem",
          "encryption_public_key_file": "/config/member0_enc_pubk.pem"
        }
      ],
      "service_configuration": {
        "recovery_threshold": 1
      },
      "service_subject_name": "CN=agentdns Service"
    },
    "type": "Start"
  },
  "ledger": {
    "chunk_size": "5MB",
    "directory": "ledger"
  },
  "ledger_signatures": {
    "delay": "1s",
    "tx_count": 1000
  },
  "logging": {
    "format": "Text"
  },
  "network": {
    "node_to_node_interface": {
      "bind_address": "0.0.0.0:8002"
    },
    "rpc_interfaces": {
      "agentdns-internal": {
        "accepted_endpoints": [
          "/app/internal/.*"
        ],
        "app_protocol": "HTTP1",
        "bind_address": "127.0.0.1:8001",
        "max_open_sessions_hard": 128,
        "max_open_sessions_soft": 64
      },
      "primary_rpc_interface": {
        "app_protocol": "HTTP1",
        "bind_address": "0.0.0.0:8000",
        "max_open_sessions_hard": 512,
        "max_open_sessions_soft": 256,
        "published_address": "agentdns.test:8000"
      }
    }
  },
  "node_certificate": {
    "curve_id": "Secp384R1",
    "initial_validity_days": 7,
    "subject_alt_names": [
      "iPAddress:127.0.0.1",
      "dNSName:agentdns.test"
    ],
    "subject_name": "CN=agentdns"
  },
  "output_files": {
    "node_certificate_file": "node.pem",
    "node_to_node_address_file": "node.node_address",
    "pid_file": "node.pid",
    "rpc_addresses_file": "node.rpc_addresses"
  },
  "snapshots": {
    "directory": "snapshots",
    "tx_count": 10000
  },
  "tick_interval": "10ms",
  "worker_threads": 0
}

2026-09-13T03:25:45.057091Z 0   [info ] CCF/src/host/run.cpp:1054            | Environment: {
  "CCF_PLATFORM_OVERRIDE": "Virtual",
  "HOME": "/root",
  "HOSTNAME": "ceecefcd25c2",
  "PATH": "/usr/local/sbin:/usr/local/bin:/usr/sbin:/usr/bin:/sbin:/bin",
  "UV_USE_IO_URING": "0"
}

2026-09-13T03:25:45.067570Z 0   [info ] CCF/src/host/ledger.h:1314           | Recovered ledger entries up to 0, committed to 0
2026-09-13T03:25:45.071428Z 0   [info ] CCF/src/host/socket.h:50             | TCP Node Server listening on 0.0.0.0:8002
2026-09-13T03:25:45.095169Z 0   [info ] CCF/src/host/run.cpp:250             | Registering RPC interface agentdns-internal, on  127.0.0.1:8001
2026-09-13T03:25:45.095448Z 0   [info ] CCF/src/host/socket.h:50             | TCP RPC Client listening on 127.0.0.1:8001
2026-09-13T03:25:45.095592Z 0   [info ] CCF/src/host/run.cpp:266             | Registered RPC interface agentdns-internal, on  127.0.0.1:8001
2026-09-13T03:25:45.096000Z 0   [info ] CCF/src/host/run.cpp:250             | Registering RPC interface primary_rpc_interface, on  0.0.0.0:8000
2026-09-13T03:25:45.096065Z 0   [info ] CCF/src/host/socket.h:50             | TCP RPC Client listening on 0.0.0.0:8000
2026-09-13T03:25:45.096078Z 0   [info ] CCF/src/host/run.cpp:266             | Registered RPC interface primary_rpc_interface, on  0.0.0.0:8000
2026-09-13T03:25:45.146898Z 0   [info ] CCF/src/host/run.cpp:785             | Startup host time: 2026-09-13 03:25:45.146437099
2026-09-13T03:25:45.148065Z 0   [info ] CCF/src/host/run.cpp:447             | Creating new node: new network (with 1 initial member(s) and 1 member(s) required for recovery)
2026-09-13T03:25:45.148179Z 0   [info ] CCF/src/host/run.cpp:508             | Initialising enclave: enclave_create_node
2026-09-13T03:25:45.232461Z 0   [info ] CCF/src/enclave/rpc_sessions.h:212   | Setting max open sessions on interface "agentdns-internal" (127.0.0.1:8001) to [64, 128] and endorsement authority to Service
2026-09-13T03:25:45.232538Z 0   [info ] CCF/src/enclave/rpc_sessions.h:212   | Setting max open sessions on interface "primary_rpc_interface" (0.0.0.0:8000) to [256, 512] and endorsement authority to Service
2026-09-13T03:25:45.232771Z 0   [info ] rpc/network_identity_subsystem.h:269 | Retry fetching network identity as node is not part of the network yet
2026-09-13T03:25:45.250547Z 0   [info ] CCF/src/node/node_state.h:2947       | Node TLS connections now accepted
2026-09-13T03:25:45.251192Z 0   [info ] CCF/src/node/rpc/frontend.h:1093     | Opening frontend
2026-09-13T03:25:45.264699Z 0   [info ] CCF/src/node/history.h:631           | Setting service signing identity to iss: agentdns sub: ledger.signature. Ledger signature mode: "Dual"
2026-09-13T03:25:45.267325Z 0   [info ] CCF/src/consensus/aft/raft.h:2230    | Becoming leader n[be14d6464d0d4212e8e03e9716e2fbbbe836ff29660e96928f1109d97b581f79]: 2
2026-09-13T03:25:45.269593Z 0   [info ] CCF/src/node/node_state.h:1015       | Initial node attestation ("Insecure_Virtual"): eyJob3N0X2RhdGEiOiI3YjQxYTNhOWMxNDdhOTIzNTQyYmRkYTQyNGQ5YzY2OWYwZDE2NmQ1YzVjODYwMTkzNGIxNjQ5MjgyMThlODg4IiwibWVhc3VyZW1lbnQiOiJJbnNlY3VyZSBoYXJkLWNvZGVkIHZpcnR1YWwgbWVhc3VyZW1lbnQgdjEiLCJyZXBvcnRfZGF0YSI6InZoVFdSazBOUWhMbzRENlhGdUw3dStnMi95bG1EcGFTanhFSjJYdFlIM2s9In0=
2026-09-13T03:25:45.270909Z 0   [info ] CCF/src/node/node_state.h:893        | Security policy not set, skipping check against attestation host data
2026-09-13T03:25:45.271149Z 0   [info ] CCF/src/node/node_state.h:1207       | Created new node n[be14d6464d0d4212e8e03e9716e2fbbbe836ff29660e96928f1109d97b581f79]
2026-09-13T03:25:45.357082Z 0   [info ] CCF/src/host/run.cpp:554             | Created new node
2026-09-13T03:25:45.357365Z 0   [info ] CCF/src/host/run.cpp:565             | Output self-signed node certificate to node.pem
2026-09-13T03:25:45.357429Z 0   [info ] CCF/src/host/run.cpp:574             | Output service certificate to service_cert.pem
2026-09-13T03:25:45.357607Z 0   [info ] CCF/src/host/run.cpp:606             | Starting enclave thread(s)
2026-09-13T03:25:45.357833Z 0   [info ] CCF/src/host/run.cpp:614             | Entering event loop
2026-09-13T03:25:45.358357Z 0   [info ] CCF/src/enclave/main.cpp:169         | Starting thread: 0
2026-09-13T03:25:45.358381Z 0   [info ] CCF/src/enclave/main.cpp:176         | All threads are ready!
2026-09-13T03:25:45.377526Z 0   [info ] CF/src/node/rpc/node_frontend.h:1519 | Processing create RPC
2026-09-13T03:25:45.384093Z 0   [info ] CCF/src/node/node_state.h:3814       | Skipping shuffling of sealed shares during recovery as ledger secrets are not yet available
2026-09-13T03:25:45.385182Z 0   [info ] de/recovery_decision_protocol.cpp:59 | Recovery-decision-protocol not configured, skipping
2026-09-13T03:25:45.385308Z 0   [info ] CF/src/node/rpc/node_frontend.h:1688 | Created service
2026-09-13T03:25:45.387599Z 0   [info ] CCF/src/node/node_state.h:3296       | [local] node_endorsed_certificates local hook at version 1, with 1 writes
2026-09-13T03:25:45.387724Z 0   [info ] CCF/src/node/node_state.h:3334       | [local] Setting endorsed node cert to:
-----BEGIN CERTIFICATE-----
MIIB2DCCAV+gAwIBAgIQbA7AXXYCIXquhN2/i4/qGDAKBggqhkjOPQQDAzAbMRkw
FwYDVQQDDBBhZ2VudGRucyBTZXJ2aWNlMB4XDTI2MDkxMzAzMjU0NVoXDTI2MDky
MDAzMjU0NFowEzERMA8GA1UEAwwIYWdlbnRkbnMwdjAQBgcqhkjOPQIBBgUrgQQA
IgNiAAT5MIpj6YXzy0HiP1URBbFHmKVb+esF16L7rpCTjUdqQJ7tsMd67XtdQtNg
Ak1auErn5g+mclK1KxwqwbKrY5U7PammIO/AhMIoMCMmDVpT9+EBgsflqTiP1NQV
bPbxgdqjcDBuMAwGA1UdEwEB/wQCMAAwHQYDVR0OBBYEFG1lTRoae+cMsE2WQxhl
ywBB9cvEMB8GA1UdIwQYMBaAFLqrXPUbH/uIjSjFpNLtE/M439B2MB4GA1UdEQQX
MBWHBH8AAAGCDWFnZW50ZG5zLnRlc3QwCgYIKoZIzj0EAwMDZwAwZAIwcGjE/JDB
ghy2LIv0I+cbGn3naPVq7nwuWiSQj3Vt82WxDxlUf9dr3qYbpGpRVgV7AjB6X+3F
Q1yS12byLJp7fW48e+YxdtwMBc/mk6W91NBmhm69fyULE6H2kr6TZ3XTxwY=
-----END CERTIFICATE-----

2026-09-13T03:25:45.469828Z 0   [info ] rpc/network_identity_subsystem.h:281 | Retrying fetching network identity as current service create txid is not yet available or service is not yet open
2026-09-13T03:25:45.572629Z 0   [info ] rpc/network_identity_subsystem.h:281 | Retrying fetching network identity as current service create txid is not yet available or service is not yet open
2026-09-13T03:25:45.674726Z 0   [info ] rpc/network_identity_subsystem.h:281 | Retrying fetching network identity as current service create txid is not yet available or service is not yet open
2026-09-13T03:25:45.777514Z 0   [info ] rpc/network_identity_subsystem.h:281 | Retrying fetching network identity as current service create txid is not yet available or service is not yet open
2026-09-13T03:25:45.882674Z 0   [info ] rpc/network_identity_subsystem.h:281 | Retrying fetching network identity as current service create txid is not yet available or service is not yet open
2026-09-13T03:25:45.988421Z 0   [info ] rpc/network_identity_subsystem.h:281 | Retrying fetching network identity as current service create txid is not yet available or service is not yet open
2026-09-13T03:25:46.096622Z 0   [info ] rpc/network_identity_subsystem.h:281 | Retrying fetching network identity as current service create txid is not yet available or service is not yet open
2026-09-13T03:25:46.198575Z 0   [info ] rpc/network_identity_subsystem.h:281 | Retrying fetching network identity as current service create txid is not yet available or service is not yet open
2026-09-13T03:25:46.302653Z 0   [info ] rpc/network_identity_subsystem.h:281 | Retrying fetching network identity as current service create txid is not yet available or service is not yet open
2026-09-13T03:25:46.386446Z 0   [info ] CCF/src/consensus/aft/raft.h:572     | Election timer has become active
2026-09-13T03:25:46.389510Z 0   [info ] CCF/src/node/node_state.h:3350       | [global] node_endorsed_certificates global hook at version 1, with 1 writes
2026-09-13T03:25:46.389909Z 0   [info ] CCF/src/node/node_state.h:3376       | [global] Accepting network connections
2026-09-13T03:25:46.391275Z 0   [info ] CCF/src/node/node_state.h:2956       | Network TLS connections now accepted
2026-09-13T03:25:46.391627Z 0   [info ] CCF/src/node/node_state.h:3420       | [global] Member frontend is NOT open
2026-09-13T03:25:46.391710Z 0   [info ] CCF/src/node/node_state.h:3421       | [global] Self-signed node cert remains:
-----BEGIN CERTIFICATE-----
MIIB6jCCAXCgAwIBAgIRAIbyLG0651kOhVYQzeyCB9owCgYIKoZIzj0EAwMwEzER
MA8GA1UEAwwIYWdlbnRkbnMwHhcNMjYwOTEzMDMyNTQ1WhcNMjYwOTIwMDMyNTQ0
WjATMREwDwYDVQQDDAhhZ2VudGRuczB2MBAGByqGSM49AgEGBSuBBAAiA2IABPkw
imPphfPLQeI/VREFsUeYpVv56wXXovuukJONR2pAnu2wx3rte11C02ACTVq4Sufm
D6ZyUrUrHCrBsqtjlTs9qaYg78CEwigwIyYNWlP34QGCx+WpOI/U1BVs9vGB2qOB
hzCBhDASBgNVHRMBAf8ECDAGAQH/AgEBMA4GA1UdDwEB/wQEAwIChDAdBgNVHQ4E
FgQUbWVNGhp75wywTZZDGGXLAEH1y8QwHwYDVR0jBBgwFoAUbWVNGhp75wywTZZD
GGXLAEH1y8QwHgYDVR0RBBcwFYcEfwAAAYINYWdlbnRkbnMudGVzdDAKBggqhkjO
PQQDAwNoADBlAjEAq8yrnXbePS8HvMS2wD3EbwiYkXrlhF8VsIDzXEWL4DZAzTn1
hGkDf2j+RZvIqZkxAjBNrchB6594CWyJ/qtLRIcg8JvC+ExqYmugUTnDqG7W5F0O
jE0Sysy8jg57CtnOqPY=
-----END CERTIFICATE-----

2026-09-13T03:25:46.391901Z 0   [info ] CCF/src/node/node_state.h:3426       | [global] Opening members frontend
2026-09-13T03:25:46.393994Z 0   [info ] CCF/src/node/node_state.h:3455       | Executing global hook for service table at 1, to service status 1. Cert is:
-----BEGIN CERTIFICATE-----
MIIB2DCCAV6gAwIBAgIRAIqkWwjjGbLaHvqgfLyNc48wCgYIKoZIzj0EAwMwGzEZ
MBcGA1UEAwwQYWdlbnRkbnMgU2VydmljZTAeFw0yNjA5MTMwMzI1NDVaFw0yNjA5
MjAwMzI1NDRaMBsxGTAXBgNVBAMMEGFnZW50ZG5zIFNlcnZpY2UwdjAQBgcqhkjO
PQIBBgUrgQQAIgNiAARiA3Gltb64QEl36vUxPmPuC2yGVvUbou3s4x7uKUxo7GmH
ep99zg1HI4aknl04fbigPZX98Qv+a95+LN0vSj8v5uv9ZAXNy/Xnl0Kz66qpsTKh
EWmM/5xDCaLesQ8rg4CjZjBkMBIGA1UdEwEB/wQIMAYBAf8CAQEwDgYDVR0PAQH/
BAQDAgKEMB0GA1UdDgQWBBS6q1z1Gx/7iI0oxaTS7RPzON/QdjAfBgNVHSMEGDAW
gBS6q1z1Gx/7iI0oxaTS7RPzON/QdjAKBggqhkjOPQQDAwNoADBlAjEAtG0MX2TZ
6yUxCEA4UHxHbz4b5T7LM/fUS9nj+MlLpqCp4wmnMvccnxGnfqmBZlStAjAfu0Mt
w+mw9KZtaP+hnh+ypoe6HfAFR90WPCljMdDbYDbLEpBgThl5K+v4CeEKl/I=
-----END CERTIFICATE-----

2026-09-13T03:25:46.396447Z 0   [info ] CCF/src/node/rpc/frontend.h:1093     | Opening frontend
2026-09-13T03:25:46.418067Z 0   [info ] rpc/network_identity_subsystem.h:281 | Retrying fetching network identity as current service create txid is not yet available or service is not yet open
2026-09-13T03:25:46.516665Z 0   [info ] rpc/network_identity_subsystem.h:281 | Retrying fetching network identity as current service create txid is not yet available or service is not yet open
2026-09-13T03:25:46.562031Z 0   [info ][gov] gov/gov_endpoint_registry.h:125 | RequestCompletedEvent: POST /members/state-digests/{memberId}:update 200 4ms 1 attempt(s)
2026-09-13T03:25:46.617632Z 0   [info ] rpc/network_identity_subsystem.h:281 | Retrying fetching network identity as current service create txid is not yet available or service is not yet open
2026-09-13T03:25:46.721989Z 0   [info ] rpc/network_identity_subsystem.h:281 | Retrying fetching network identity as current service create txid is not yet available or service is not yet open
2026-09-13T03:25:46.827131Z 0   [info ] rpc/network_identity_subsystem.h:281 | Retrying fetching network identity as current service create txid is not yet available or service is not yet open
2026-09-13T03:25:46.929816Z 0   [info ] rpc/network_identity_subsystem.h:281 | Retrying fetching network identity as current service create txid is not yet available or service is not yet open
2026-09-13T03:25:47.031552Z 0   [info ] rpc/network_identity_subsystem.h:281 | Retrying fetching network identity as current service create txid is not yet available or service is not yet open
2026-09-13T03:25:47.139746Z 0   [info ] rpc/network_identity_subsystem.h:281 | Retrying fetching network identity as current service create txid is not yet available or service is not yet open
2026-09-13T03:25:47.248443Z 0   [info ] rpc/network_identity_subsystem.h:281 | Retrying fetching network identity as current service create txid is not yet available or service is not yet open
2026-09-13T03:25:47.351278Z 0   [info ] rpc/network_identity_subsystem.h:281 | Retrying fetching network identity as current service create txid is not yet available or service is not yet open
2026-09-13T03:25:47.444972Z 0   [info ][gov] gov/gov_endpoint_registry.h:125 | RequestCompletedEvent: POST /members/state-digests/{memberId}:ack 204 2ms 1 attempt(s)
2026-09-13T03:25:47.457146Z 0   [info ] rpc/network_identity_subsystem.h:281 | Retrying fetching network identity as current service create txid is not yet available or service is not yet open
2026-09-13T03:25:47.568630Z 0   [info ] rpc/network_identity_subsystem.h:281 | Retrying fetching network identity as current service create txid is not yet available or service is not yet open
2026-09-13T03:25:47.669635Z 0   [info ] rpc/network_identity_subsystem.h:281 | Retrying fetching network identity as current service create txid is not yet available or service is not yet open
2026-09-13T03:25:47.771532Z 0   [info ] rpc/network_identity_subsystem.h:281 | Retrying fetching network identity as current service create txid is not yet available or service is not yet open
2026-09-13T03:25:47.880550Z 0   [info ] rpc/network_identity_subsystem.h:281 | Retrying fetching network identity as current service create txid is not yet available or service is not yet open
2026-09-13T03:25:47.983066Z 0   [info ] rpc/network_identity_subsystem.h:281 | Retrying fetching network identity as current service create txid is not yet available or service is not yet open
2026-09-13T03:25:48.084046Z 0   [info ] rpc/network_identity_subsystem.h:281 | Retrying fetching network identity as current service create txid is not yet available or service is not yet open
2026-09-13T03:25:48.189712Z 0   [info ] rpc/network_identity_subsystem.h:281 | Retrying fetching network identity as current service create txid is not yet available or service is not yet open
2026-09-13T03:25:48.292969Z 0   [info ] rpc/network_identity_subsystem.h:281 | Retrying fetching network identity as current service create txid is not yet available or service is not yet open
2026-09-13T03:25:48.402128Z 0   [info ] rpc/network_identity_subsystem.h:281 | Retrying fetching network identity as current service create txid is not yet available or service is not yet open
2026-09-13T03:25:48.528335Z 0   [info ][gov] gov/gov_endpoint_registry.h:125 | RequestCompletedEvent: POST /members/proposals:create 200 49ms 1 attempt(s)
2026-09-13T03:25:48.529583Z 0   [info ] rpc/network_identity_subsystem.h:340 | The very first service endorsement is self-signed at 1, no endorsement chain will be preloaded
2026-09-13T03:25:48.530313Z 0   [info ] rpc/network_identity_subsystem.h:504 | Adding trusted seq 1 key MHYwEAYHKoZIzj0CAQYFK4EEACIDYgAEYgNxpbW+uEBJd+r1MT5j7gtshlb1G6Lt7OMe7ilMaOxph3qffc4NRyOGpJ5dOH24oD2V/fEL/mvefizdL0o/L+br/WQFzcv155dCs+uqqbEyoRFpjP+cQwmi3rEPK4OA
2026-09-13T03:25:48.530747Z 0   [info ] rpc/network_identity_subsystem.h:257 | Network identity fetching settled at Done
2026-09-13T03:25:49.391581Z 0   [info ] CCF/src/node/node_state.h:3455       | Executing global hook for service table at 7, to service status 2. Cert is:
-----BEGIN CERTIFICATE-----
MIIB2DCCAV6gAwIBAgIRAIqkWwjjGbLaHvqgfLyNc48wCgYIKoZIzj0EAwMwGzEZ
MBcGA1UEAwwQYWdlbnRkbnMgU2VydmljZTAeFw0yNjA5MTMwMzI1NDVaFw0yNjA5
MjAwMzI1NDRaMBsxGTAXBgNVBAMMEGFnZW50ZG5zIFNlcnZpY2UwdjAQBgcqhkjO
PQIBBgUrgQQAIgNiAARiA3Gltb64QEl36vUxPmPuC2yGVvUbou3s4x7uKUxo7GmH
ep99zg1HI4aknl04fbigPZX98Qv+a95+LN0vSj8v5uv9ZAXNy/Xnl0Kz66qpsTKh
EWmM/5xDCaLesQ8rg4CjZjBkMBIGA1UdEwEB/wQIMAYBAf8CAQEwDgYDVR0PAQH/
BAQDAgKEMB0GA1UdDgQWBBS6q1z1Gx/7iI0oxaTS7RPzON/QdjAfBgNVHSMEGDAW
gBS6q1z1Gx/7iI0oxaTS7RPzON/QdjAKBggqhkjOPQQDAwNoADBlAjEAtG0MX2TZ
6yUxCEA4UHxHbz4b5T7LM/fUS9nj+MlLpqCp4wmnMvccnxGnfqmBZlStAjAfu0Mt
w+mw9KZtaP+hnh+ypoe6HfAFR90WPCljMdDbYDbLEpBgThl5K+v4CeEKl/I=
-----END CERTIFICATE-----

2026-09-13T03:25:49.391693Z 0   [info ] CCF/src/node/node_state.h:3468       | Service open at seqno 7
2026-09-13T03:25:49.393692Z 0   [info ] CCF/src/host/ledger.h:1409           | Ledger complete recovery
2026-09-13T03:25:49.399044Z 0   [info ] CCF/src/node/rpc/frontend.h:1093     | Opening frontend
2026-09-13T03:25:49.559585Z 0   [info ][gov] gov/gov_endpoint_registry.h:125 | RequestCompletedEvent: POST /members/proposals:create 200 32ms 1 attempt(s)
2026-09-13T03:25:50.405096Z 0   [info ] /src/snapshots/snapshot_writer.h:118 | New snapshot file written to snapshot_8_9 [87664 bytes] (unsynced)
2026-09-13T03:25:50.412015Z 0   [info ] /src/snapshots/snapshot_writer.h:151 | Renamed snapshot snapshot_8_9 to snapshot_8_9.committed
{"elapsed_micros":158799,"event":"agentdns.dnssec.signing","record_count":244,"serial":7,"zone":"example.test."}
{"elapsed_micros":152426,"event":"agentdns.dnssec.signing","record_count":244,"serial":8,"zone":"example.test."}
{"elapsed_micros":143573,"event":"agentdns.dnssec.signing","record_count":244,"serial":9,"zone":"example.test."}
{"elapsed_micros":163647,"event":"agentdns.dnssec.signing","record_count":244,"serial":10,"zone":"example.test."}
{"elapsed_micros":154952,"event":"agentdns.dnssec.signing","record_count":244,"serial":11,"zone":"example.test."}
{"elapsed_micros":150504,"event":"agentdns.dnssec.signing","record_count":244,"serial":12,"zone":"example.test."}
2026-09-13T03:52:07.262752Z 0   [info ][gov] gov/gov_endpoint_registry.h:125 | RequestCompletedEvent: POST /members/proposals:create 200 10ms 1 attempt(s)
{"elapsed_micros":145619,"event":"agentdns.dnssec.signing","record_count":249,"serial":13,"zone":"example.test."}
2026-09-13T03:52:21.797251Z 0   [info ][gov] gov/gov_endpoint_registry.h:125 | RequestCompletedEvent: POST /members/proposals:create 200 10ms 1 attempt(s)
2026-09-13T03:52:24.824231Z 0   [info ][gov] gov/gov_endpoint_registry.h:125 | RequestCompletedEvent: POST /members/proposals:create 200 8ms 1 attempt(s)
2026-09-13T03:52:26.953786Z 0   [info ][gov] gov/gov_endpoint_registry.h:125 | RequestCompletedEvent: POST /members/proposals:create 200 8ms 1 attempt(s)
{"elapsed_micros":158528,"event":"agentdns.dnssec.signing","record_count":250,"serial":14,"zone":"example.test."}
2026-09-13T03:52:36.730473Z 0   [info ][gov] gov/gov_endpoint_registry.h:125 | RequestCompletedEvent: POST /members/proposals:create 200 8ms 1 attempt(s)
2026-09-13T03:52:39.468917Z 0   [info ][gov] gov/gov_endpoint_registry.h:125 | RequestCompletedEvent: POST /members/proposals:create 200 7ms 1 attempt(s)
2026-09-13T03:52:39.928595Z 0   [info ][gov] gov/gov_endpoint_registry.h:125 | RequestCompletedEvent: POST /members/proposals:create 200 8ms 1 attempt(s)
