   Compiling proc-macro2 v1.0.107
   Compiling quote v1.0.47
   Compiling unicode-ident v1.0.24
   Compiling libc v0.2.189
    Checking itoa v1.0.18
   Compiling serde_core v1.0.229
   Compiling find-msvc-tools v0.1.12
   Compiling shlex v2.0.1
   Compiling thiserror v2.0.20
   Compiling serde v1.0.229
    Checking cfg-if v1.0.4
    Checking memchr v2.8.3
   Compiling zmij v1.0.23
   Compiling version_check v0.9.5
   Compiling serde_json v1.0.151
    Checking typenum v1.20.1
    Checking untrusted v0.9.0
   Compiling autocfg v1.5.1
    Checking base64 v0.22.1
   Compiling time-core v0.1.6
   Compiling num-conv v0.1.0
   Compiling zerocopy v0.8.57
   Compiling cc v1.4.5
    Checking minimal-lexical v0.2.1
    Checking powerfmt v0.2.0
   Compiling time-macros v0.2.24
   Compiling generic-array v0.14.7
    Checking pin-project-lite v0.2.17
    Checking deranged v0.5.8
   Compiling num-traits v0.2.19
   Compiling vcpkg v0.2.15
    Checking nom v7.1.3
    Checking bytes v1.12.1
   Compiling pkg-config v0.3.34
    Checking futures-core v0.3.34
   Compiling oid-registry v0.8.1
    Checking hex v0.4.3
    Checking ciborium-io v0.2.2
    Checking http v1.5.0
    Checking foreign-types-shared v0.1.1
   Compiling openssl v0.10.81
    Checking foreign-types v0.3.2
    Checking data-encoding v2.11.1
    Checking time v0.3.44
    Checking once_cell v1.21.4
   Compiling httparse v1.10.1
    Checking lazy_static v1.5.0
    Checking bitflags v2.13.2
    Checking tracing-core v0.1.36
    Checking adns-telemetry v0.1.0 (/Users/mac/agentdns/crates/adns-telemetry)
    Checking log v0.4.34
   Compiling ring v0.17.14
   Compiling openssl-sys v0.9.117
    Checking tower-service v0.3.3
    Checking futures-channel v0.3.34
    Checking sync_wrapper v1.0.2
    Checking rusticata-macros v4.1.0
    Checking httpdate v1.0.3
    Checking http-body v1.1.0
    Checking tracing v0.1.44
    Checking atomic-waker v1.1.2
    Checking smallvec v1.16.1
    Checking tower-layer v0.3.3
    Checking futures-task v0.3.34
    Checking slab v0.4.12
    Checking percent-encoding v2.3.2
    Checking http-body-util v0.1.5
    Checking ryu v1.0.23
    Checking mime v0.3.17
    Checking futures-util v0.3.34
    Checking form_urlencoded v1.2.2
    Checking matchit v0.8.4
    Checking allocation-counter v0.8.1
   Compiling adns-ccf v0.1.0 (/Users/mac/agentdns/crates/adns-ccf)
    Checking axum-core v0.5.6
   Compiling syn v3.0.5
   Compiling syn v2.0.119
    Checking getrandom v0.2.17
    Checking cpufeatures v0.2.17
    Checking errno v0.3.14
    Checking mio v1.2.3
    Checking socket2 v0.6.5
    Checking signal-hook-registry v1.4.8
    Checking serde_path_to_error v0.1.20
    Checking crypto-common v0.1.7
    Checking block-buffer v0.10.4
    Checking digest v0.10.7
   Compiling thiserror-impl v2.0.20
   Compiling serde_derive v1.0.229
   Compiling displaydoc v0.2.7
   Compiling tokio-macros v2.7.2
    Checking sha2 v0.10.9
    Checking num-integer v0.1.47
    Checking tokio v1.53.1
   Compiling synstructure v0.13.2
    Checking num-bigint v0.4.8
   Compiling zerocopy-derive v0.8.57
   Compiling asn1-rs-impl v0.2.0
   Compiling openssl-macros v0.1.1
   Compiling asn1-rs-derive v0.6.0
    Checking asn1-rs v0.7.2
    Checking adns-wire v0.1.0 (/Users/mac/agentdns/crates/adns-wire)
    Checking serde_urlencoded v0.7.1
    Checking hyper v1.11.1
    Checking tower v0.5.3
    Checking adns-dnssec v0.1.0 (/Users/mac/agentdns/crates/adns-dnssec)
    Checking adns-transfer v0.1.0 (/Users/mac/agentdns/crates/adns-transfer)
    Checking adns-auth v0.1.0 (/Users/mac/agentdns/crates/adns-auth)
    Checking adns-storage v0.1.0 (/Users/mac/agentdns/crates/adns-storage)
    Checking hyper-util v0.1.20
    Checking axum v0.8.9
    Checking half v2.7.1
    Checking der-parser v10.0.0
    Checking ciborium-ll v0.2.2
    Checking ciborium v0.2.2
    Checking x509-parser v0.18.1
    Checking coset v0.4.2
    Checking adns-attest v0.1.0 (/Users/mac/agentdns/crates/adns-attest)
    Checking adns-server v0.1.0 (/Users/mac/agentdns/crates/adns-server)
    Finished `dev` profile [unoptimized + debuginfo] target(s) in 7.38s
