DNS Performance Testing Tool
Version 2.14.0

[Status] Command line: dnsperf -s 127.0.0.1 -p 1053 -d /work/dnsperf-queries.txt -l 30 -Q 10000 -q 1000
[Status] Sending queries (to 127.0.0.1:1053)
[Status] Started at: Sun Sep 13 00:32:24 2026
[Status] Stopping after 30.000000 seconds
[Timeout] Query timed out: msg id 1198
[Timeout] Query timed out: msg id 1199
[Timeout] Query timed out: msg id 1200
[Timeout] Query timed out: msg id 1201
[Timeout] Query timed out: msg id 1202
[Timeout] Query timed out: msg id 1203
[Timeout] Query timed out: msg id 1204
[Timeout] Query timed out: msg id 1205
[Timeout] Query timed out: msg id 1206
[Timeout] Query timed out: msg id 1207
[Timeout] Query timed out: msg id 1208
[Timeout] Query timed out: msg id 1209
[Timeout] Query timed out: msg id 1210
[Timeout] Query timed out: msg id 1211
[Timeout] Query timed out: msg id 1212
[Timeout] Query timed out: msg id 1213
[Timeout] Query timed out: msg id 1214
[Timeout] Query timed out: msg id 1215
[Timeout] Query timed out: msg id 1216
[Timeout] Query timed out: msg id 1217
[Timeout] Query timed out: msg id 1218
[Timeout] Query timed out: msg id 1219
[Timeout] Query timed out: msg id 1220
[Timeout] Query timed out: msg id 1221
[Timeout] Query timed out: msg id 1222
[Timeout] Query timed out: msg id 1223
[Timeout] Query timed out: msg id 1224
[Timeout] Query timed out: msg id 1225
[Timeout] Query timed out: msg id 1226
[Timeout] Query timed out: msg id 1227
[Timeout] Query timed out: msg id 1228
[Timeout] Query timed out: msg id 1229
[Timeout] Query timed out: msg id 1230
[Timeout] Query timed out: msg id 1231
[Timeout] Query timed out: msg id 1232
[Timeout] Query timed out: msg id 1233
[Timeout] Query timed out: msg id 1234
[Timeout] Query timed out: msg id 1235
[Timeout] Query timed out: msg id 1236
[Timeout] Query timed out: msg id 1237
[Timeout] Query timed out: msg id 1238
[Timeout] Query timed out: msg id 1239
[Timeout] Query timed out: msg id 1240
[Timeout] Query timed out: msg id 1241
[Timeout] Query timed out: msg id 1242
[Timeout] Query timed out: msg id 1243
[Timeout] Query timed out: msg id 1244
[Timeout] Query timed out: msg id 1245
[Timeout] Query timed out: msg id 1246
[Timeout] Query timed out: msg id 1247
[Timeout] Query timed out: msg id 1248
[Timeout] Query timed out: msg id 1249
[Timeout] Query timed out: msg id 1250
[Timeout] Query timed out: msg id 1251
[Timeout] Query timed out: msg id 1252
[Timeout] Query timed out: msg id 1253
[Timeout] Query timed out: msg id 1254
[Timeout] Query timed out: msg id 1255
[Timeout] Query timed out: msg id 1256
[Timeout] Query timed out: msg id 1257
[Timeout] Query timed out: msg id 1258
[Timeout] Query timed out: msg id 1259
[Timeout] Query timed out: msg id 1260
[Timeout] Query timed out: msg id 1261
[Timeout] Query timed out: msg id 1262
[Timeout] Query timed out: msg id 1263
[Timeout] Query timed out: msg id 1264
[Timeout] Query timed out: msg id 1265
[Timeout] Query timed out: msg id 1266
[Timeout] Query timed out: msg id 1267
[Timeout] Query timed out: msg id 1268
[Timeout] Query timed out: msg id 1269
[Timeout] Query timed out: msg id 1270
[Timeout] Query timed out: msg id 1271
[Timeout] Query timed out: msg id 1272
[Timeout] Query timed out: msg id 1273
[Timeout] Query timed out: msg id 1274
[Timeout] Query timed out: msg id 1275
[Timeout] Query timed out: msg id 1276
[Timeout] Query timed out: msg id 1277
[Timeout] Query timed out: msg id 1278
[Timeout] Query timed out: msg id 1279
[Timeout] Query timed out: msg id 1280
[Timeout] Query timed out: msg id 1281
[Timeout] Query timed out: msg id 1282
[Timeout] Query timed out: msg id 1283
[Timeout] Query timed out: msg id 1284
[Timeout] Query timed out: msg id 1285
[Timeout] Query timed out: msg id 1286
[Timeout] Query timed out: msg id 1287
[Timeout] Query timed out: msg id 1288
[Timeout] Query timed out: msg id 1289
[Timeout] Query timed out: msg id 1290
[Timeout] Query timed out: msg id 1291
[Timeout] Query timed out: msg id 1292
[Timeout] Query timed out: msg id 1293
[Timeout] Query timed out: msg id 1294
[Timeout] Query timed out: msg id 1295
[Timeout] Query timed out: msg id 1296
[Timeout] Query timed out: msg id 1297
[Timeout] Query timed out: msg id 1298
[Timeout] Query timed out: msg id 1299
[Timeout] Query timed out: msg id 1300
[Timeout] Query timed out: msg id 1301
[Timeout] Query timed out: msg id 1302
[Timeout] Query timed out: msg id 1303
[Timeout] Query timed out: msg id 1304
[Timeout] Query timed out: msg id 1305
[Timeout] Query timed out: msg id 1306
[Timeout] Query timed out: msg id 1307
[Timeout] Query timed out: msg id 1308
[Timeout] Query timed out: msg id 1309
[Timeout] Query timed out: msg id 1310
[Timeout] Query timed out: msg id 1311
[Timeout] Query timed out: msg id 1312
[Timeout] Query timed out: msg id 1313
[Timeout] Query timed out: msg id 1314
[Timeout] Query timed out: msg id 1315
[Timeout] Query timed out: msg id 1316
[Timeout] Query timed out: msg id 1317
[Timeout] Query timed out: msg id 1318
[Timeout] Query timed out: msg id 1319
[Timeout] Query timed out: msg id 1320
[Timeout] Query timed out: msg id 1321
[Timeout] Query timed out: msg id 1322
[Timeout] Query timed out: msg id 1323
[Timeout] Query timed out: msg id 1324
[Timeout] Query timed out: msg id 1325
[Timeout] Query timed out: msg id 1326
[Timeout] Query timed out: msg id 1327
[Timeout] Query timed out: msg id 1328
[Timeout] Query timed out: msg id 1329
[Timeout] Query timed out: msg id 1330
[Timeout] Query timed out: msg id 1331
[Timeout] Query timed out: msg id 1332
[Timeout] Query timed out: msg id 1333
[Timeout] Query timed out: msg id 1334
[Timeout] Query timed out: msg id 1335
[Timeout] Query timed out: msg id 1336
[Timeout] Query timed out: msg id 1337
[Timeout] Query timed out: msg id 1338
[Timeout] Query timed out: msg id 1339
[Timeout] Query timed out: msg id 1340
[Timeout] Query timed out: msg id 1341
[Timeout] Query timed out: msg id 1342
[Timeout] Query timed out: msg id 1343
[Timeout] Query timed out: msg id 1344
[Timeout] Query timed out: msg id 1345
[Timeout] Query timed out: msg id 1346
[Timeout] Query timed out: msg id 1347
[Timeout] Query timed out: msg id 1348
[Timeout] Query timed out: msg id 1349
[Timeout] Query timed out: msg id 1350
[Timeout] Query timed out: msg id 1351
[Timeout] Query timed out: msg id 1352
[Timeout] Query timed out: msg id 1353
[Timeout] Query timed out: msg id 1354
[Timeout] Query timed out: msg id 1355
[Timeout] Query timed out: msg id 1356
[Timeout] Query timed out: msg id 1357
[Timeout] Query timed out: msg id 1358
[Timeout] Query timed out: msg id 1359
[Timeout] Query timed out: msg id 1360
[Timeout] Query timed out: msg id 1361
[Timeout] Query timed out: msg id 1362
[Timeout] Query timed out: msg id 1363
[Timeout] Query timed out: msg id 1364
[Timeout] Query timed out: msg id 1365
[Timeout] Query timed out: msg id 1366
[Timeout] Query timed out: msg id 1367
[Timeout] Query timed out: msg id 1368
[Timeout] Query timed out: msg id 1369
[Timeout] Query timed out: msg id 1370
[Timeout] Query timed out: msg id 1371
[Timeout] Query timed out: msg id 1372
[Timeout] Query timed out: msg id 1373
[Timeout] Query timed out: msg id 1374
[Timeout] Query timed out: msg id 1375
[Timeout] Query timed out: msg id 1376
[Timeout] Query timed out: msg id 1377
[Timeout] Query timed out: msg id 1378
[Timeout] Query timed out: msg id 1379
[Timeout] Query timed out: msg id 1380
[Timeout] Query timed out: msg id 1381
[Timeout] Query timed out: msg id 1382
[Timeout] Query timed out: msg id 1383
[Timeout] Query timed out: msg id 1384
[Timeout] Query timed out: msg id 1385
[Timeout] Query timed out: msg id 1386
[Timeout] Query timed out: msg id 1387
[Timeout] Query timed out: msg id 1388
[Timeout] Query timed out: msg id 1389
[Timeout] Query timed out: msg id 1390
[Timeout] Query timed out: msg id 1391
[Timeout] Query timed out: msg id 1392
[Timeout] Query timed out: msg id 1393
[Timeout] Query timed out: msg id 1394
[Timeout] Query timed out: msg id 1395
[Timeout] Query timed out: msg id 1396
[Timeout] Query timed out: msg id 1397
[Timeout] Query timed out: msg id 1398
[Timeout] Query timed out: msg id 1399
[Timeout] Query timed out: msg id 1400
[Timeout] Query timed out: msg id 1401
[Timeout] Query timed out: msg id 1402
[Timeout] Query timed out: msg id 1403
[Timeout] Query timed out: msg id 1404
[Timeout] Query timed out: msg id 1405
[Timeout] Query timed out: msg id 1406
[Timeout] Query timed out: msg id 1407
[Timeout] Query timed out: msg id 1408
[Timeout] Query timed out: msg id 1409
[Timeout] Query timed out: msg id 1410
[Timeout] Query timed out: msg id 1411
[Timeout] Query timed out: msg id 1412
[Timeout] Query timed out: msg id 1413
[Timeout] Query timed out: msg id 1414
[Timeout] Query timed out: msg id 1415
[Timeout] Query timed out: msg id 1416
[Timeout] Query timed out: msg id 1417
[Timeout] Query timed out: msg id 1418
[Timeout] Query timed out: msg id 1419
[Timeout] Query timed out: msg id 1420
[Timeout] Query timed out: msg id 1421
[Timeout] Query timed out: msg id 1422
[Timeout] Query timed out: msg id 1423
[Timeout] Query timed out: msg id 1424
[Timeout] Query timed out: msg id 1425
[Timeout] Query timed out: msg id 1426
[Timeout] Query timed out: msg id 1427
[Timeout] Query timed out: msg id 1428
[Timeout] Query timed out: msg id 1429
[Timeout] Query timed out: msg id 1430
[Timeout] Query timed out: msg id 1431
[Timeout] Query timed out: msg id 1432
[Timeout] Query timed out: msg id 1433
[Timeout] Query timed out: msg id 1434
[Timeout] Query timed out: msg id 1435
[Timeout] Query timed out: msg id 1436
[Timeout] Query timed out: msg id 1437
[Timeout] Query timed out: msg id 1438
[Timeout] Query timed out: msg id 1439
[Timeout] Query timed out: msg id 1440
[Timeout] Query timed out: msg id 1441
[Timeout] Query timed out: msg id 1442
[Timeout] Query timed out: msg id 1443
[Timeout] Query timed out: msg id 1444
[Timeout] Query timed out: msg id 1445
[Timeout] Query timed out: msg id 1446
[Timeout] Query timed out: msg id 1447
[Timeout] Query timed out: msg id 1448
[Timeout] Query timed out: msg id 1449
[Timeout] Query timed out: msg id 1450
[Timeout] Query timed out: msg id 1451
[Timeout] Query timed out: msg id 1452
[Timeout] Query timed out: msg id 1453
[Timeout] Query timed out: msg id 1454
[Timeout] Query timed out: msg id 1455
[Timeout] Query timed out: msg id 1456
[Timeout] Query timed out: msg id 1457
[Timeout] Query timed out: msg id 1458
[Timeout] Query timed out: msg id 1459
[Timeout] Query timed out: msg id 1460
[Timeout] Query timed out: msg id 1461
[Timeout] Query timed out: msg id 1462
[Timeout] Query timed out: msg id 1463
[Timeout] Query timed out: msg id 1464
[Timeout] Query timed out: msg id 1465
[Timeout] Query timed out: msg id 1466
[Timeout] Query timed out: msg id 1467
[Timeout] Query timed out: msg id 1468
[Timeout] Query timed out: msg id 1469
[Timeout] Query timed out: msg id 1470
[Timeout] Query timed out: msg id 1471
[Timeout] Query timed out: msg id 1472
[Timeout] Query timed out: msg id 1473
[Timeout] Query timed out: msg id 1474
[Timeout] Query timed out: msg id 1475
[Timeout] Query timed out: msg id 1476
[Timeout] Query timed out: msg id 1477
[Timeout] Query timed out: msg id 1478
[Timeout] Query timed out: msg id 1479
[Timeout] Query timed out: msg id 1480
[Timeout] Query timed out: msg id 1481
[Timeout] Query timed out: msg id 1482
[Timeout] Query timed out: msg id 1483
[Timeout] Query timed out: msg id 1484
[Timeout] Query timed out: msg id 1485
[Timeout] Query timed out: msg id 1486
[Timeout] Query timed out: msg id 1487
[Timeout] Query timed out: msg id 1488
[Timeout] Query timed out: msg id 1489
[Timeout] Query timed out: msg id 1490
[Timeout] Query timed out: msg id 1491
[Timeout] Query timed out: msg id 1492
[Timeout] Query timed out: msg id 1493
[Timeout] Query timed out: msg id 1494
[Timeout] Query timed out: msg id 1495
[Timeout] Query timed out: msg id 1496
[Timeout] Query timed out: msg id 1497
[Timeout] Query timed out: msg id 1498
[Timeout] Query timed out: msg id 1499
[Timeout] Query timed out: msg id 1500
[Timeout] Query timed out: msg id 1501
[Timeout] Query timed out: msg id 1502
[Timeout] Query timed out: msg id 1503
[Timeout] Query timed out: msg id 1504
[Timeout] Query timed out: msg id 1505
[Timeout] Query timed out: msg id 1506
[Timeout] Query timed out: msg id 1507
[Timeout] Query timed out: msg id 1508
[Timeout] Query timed out: msg id 1509
[Timeout] Query timed out: msg id 1510
[Timeout] Query timed out: msg id 1511
[Timeout] Query timed out: msg id 1512
[Timeout] Query timed out: msg id 1513
[Timeout] Query timed out: msg id 1514
[Timeout] Query timed out: msg id 1515
[Timeout] Query timed out: msg id 1516
[Timeout] Query timed out: msg id 1517
[Timeout] Query timed out: msg id 1518
[Timeout] Query timed out: msg id 1519
[Timeout] Query timed out: msg id 1520
[Timeout] Query timed out: msg id 1521
[Timeout] Query timed out: msg id 1522
[Timeout] Query timed out: msg id 1523
[Timeout] Query timed out: msg id 1524
[Timeout] Query timed out: msg id 1525
[Timeout] Query timed out: msg id 1526
[Timeout] Query timed out: msg id 1527
[Timeout] Query timed out: msg id 1528
[Timeout] Query timed out: msg id 1529
[Timeout] Query timed out: msg id 1530
[Timeout] Query timed out: msg id 1531
[Timeout] Query timed out: msg id 1532
[Timeout] Query timed out: msg id 1533
[Timeout] Query timed out: msg id 1534
[Timeout] Query timed out: msg id 1535
[Timeout] Query timed out: msg id 1536
[Timeout] Query timed out: msg id 1537
[Timeout] Query timed out: msg id 1538
[Timeout] Query timed out: msg id 1539
[Timeout] Query timed out: msg id 1540
[Timeout] Query timed out: msg id 1541
[Timeout] Query timed out: msg id 1542
[Timeout] Query timed out: msg id 1543
[Timeout] Query timed out: msg id 1544
[Timeout] Query timed out: msg id 1545
[Timeout] Query timed out: msg id 1546
[Timeout] Query timed out: msg id 1547
[Timeout] Query timed out: msg id 1548
[Timeout] Query timed out: msg id 1549
[Timeout] Query timed out: msg id 1550
[Timeout] Query timed out: msg id 1551
[Timeout] Query timed out: msg id 1552
[Timeout] Query timed out: msg id 1553
[Timeout] Query timed out: msg id 1554
[Timeout] Query timed out: msg id 1555
[Timeout] Query timed out: msg id 1556
[Timeout] Query timed out: msg id 1557
[Timeout] Query timed out: msg id 1558
[Timeout] Query timed out: msg id 1559
[Timeout] Query timed out: msg id 1560
[Timeout] Query timed out: msg id 1561
[Timeout] Query timed out: msg id 1562
[Timeout] Query timed out: msg id 1563
[Timeout] Query timed out: msg id 1564
[Timeout] Query timed out: msg id 1565
[Timeout] Query timed out: msg id 1566
[Timeout] Query timed out: msg id 1567
[Timeout] Query timed out: msg id 1568
[Timeout] Query timed out: msg id 1569
[Timeout] Query timed out: msg id 1570
[Timeout] Query timed out: msg id 1571
[Timeout] Query timed out: msg id 1572
[Timeout] Query timed out: msg id 1573
[Timeout] Query timed out: msg id 1574
[Timeout] Query timed out: msg id 1575
[Timeout] Query timed out: msg id 1576
[Timeout] Query timed out: msg id 1577
[Timeout] Query timed out: msg id 1578
[Timeout] Query timed out: msg id 1579
[Timeout] Query timed out: msg id 1580
[Timeout] Query timed out: msg id 1581
[Timeout] Query timed out: msg id 1582
[Timeout] Query timed out: msg id 1583
[Timeout] Query timed out: msg id 1584
[Timeout] Query timed out: msg id 1585
[Timeout] Query timed out: msg id 1586
[Timeout] Query timed out: msg id 1587
[Timeout] Query timed out: msg id 1588
[Timeout] Query timed out: msg id 1589
[Timeout] Query timed out: msg id 1590
[Timeout] Query timed out: msg id 1591
[Timeout] Query timed out: msg id 1592
[Timeout] Query timed out: msg id 1593
[Timeout] Query timed out: msg id 1594
[Timeout] Query timed out: msg id 1595
[Timeout] Query timed out: msg id 1596
[Timeout] Query timed out: msg id 1597
[Timeout] Query timed out: msg id 1598
[Timeout] Query timed out: msg id 1599
[Timeout] Query timed out: msg id 1600
[Timeout] Query timed out: msg id 1601
[Timeout] Query timed out: msg id 1602
[Timeout] Query timed out: msg id 1603
[Timeout] Query timed out: msg id 1604
[Timeout] Query timed out: msg id 1605
[Timeout] Query timed out: msg id 1606
[Timeout] Query timed out: msg id 1607
[Timeout] Query timed out: msg id 1608
[Timeout] Query timed out: msg id 1609
[Timeout] Query timed out: msg id 1610
[Timeout] Query timed out: msg id 1611
[Timeout] Query timed out: msg id 1612
[Timeout] Query timed out: msg id 1613
[Timeout] Query timed out: msg id 1614
[Timeout] Query timed out: msg id 1615
[Timeout] Query timed out: msg id 1616
[Timeout] Query timed out: msg id 1617
[Timeout] Query timed out: msg id 1618
[Timeout] Query timed out: msg id 1619
[Timeout] Query timed out: msg id 1620
[Timeout] Query timed out: msg id 1621
[Timeout] Query timed out: msg id 1622
[Timeout] Query timed out: msg id 1623
[Timeout] Query timed out: msg id 1624
[Timeout] Query timed out: msg id 1625
[Timeout] Query timed out: msg id 1626
[Timeout] Query timed out: msg id 1627
[Timeout] Query timed out: msg id 1628
[Timeout] Query timed out: msg id 1629
[Timeout] Query timed out: msg id 1630
[Timeout] Query timed out: msg id 1631
[Timeout] Query timed out: msg id 1632
[Timeout] Query timed out: msg id 1633
[Timeout] Query timed out: msg id 1634
[Timeout] Query timed out: msg id 1635
[Timeout] Query timed out: msg id 1636
[Timeout] Query timed out: msg id 1637
[Timeout] Query timed out: msg id 1638
[Timeout] Query timed out: msg id 1639
[Timeout] Query timed out: msg id 1640
[Timeout] Query timed out: msg id 1641
[Timeout] Query timed out: msg id 1642
[Timeout] Query timed out: msg id 1643
[Timeout] Query timed out: msg id 1644
[Timeout] Query timed out: msg id 1645
[Timeout] Query timed out: msg id 1646
[Timeout] Query timed out: msg id 1647
[Timeout] Query timed out: msg id 1648
[Timeout] Query timed out: msg id 1649
[Timeout] Query timed out: msg id 1650
[Timeout] Query timed out: msg id 1651
[Timeout] Query timed out: msg id 1652
[Timeout] Query timed out: msg id 1653
[Timeout] Query timed out: msg id 1654
[Timeout] Query timed out: msg id 1655
[Timeout] Query timed out: msg id 1656
[Timeout] Query timed out: msg id 1657
[Timeout] Query timed out: msg id 1658
[Timeout] Query timed out: msg id 1659
[Timeout] Query timed out: msg id 1660
[Timeout] Query timed out: msg id 1661
[Timeout] Query timed out: msg id 1662
[Timeout] Query timed out: msg id 1663
[Timeout] Query timed out: msg id 1664
[Timeout] Query timed out: msg id 1665
[Timeout] Query timed out: msg id 1666
[Timeout] Query timed out: msg id 1667
[Timeout] Query timed out: msg id 1668
[Timeout] Query timed out: msg id 1669
[Timeout] Query timed out: msg id 1670
[Timeout] Query timed out: msg id 1671
[Timeout] Query timed out: msg id 1672
[Timeout] Query timed out: msg id 1673
[Timeout] Query timed out: msg id 1674
[Timeout] Query timed out: msg id 1675
[Timeout] Query timed out: msg id 1676
[Timeout] Query timed out: msg id 1677
[Timeout] Query timed out: msg id 1678
[Timeout] Query timed out: msg id 1679
[Timeout] Query timed out: msg id 1680
[Timeout] Query timed out: msg id 1681
[Timeout] Query timed out: msg id 1682
[Timeout] Query timed out: msg id 1683
[Timeout] Query timed out: msg id 1684
[Timeout] Query timed out: msg id 1685
[Timeout] Query timed out: msg id 1686
[Timeout] Query timed out: msg id 1687
[Timeout] Query timed out: msg id 1688
[Timeout] Query timed out: msg id 1689
[Timeout] Query timed out: msg id 1690
[Timeout] Query timed out: msg id 1691
[Timeout] Query timed out: msg id 1692
[Timeout] Query timed out: msg id 1693
[Timeout] Query timed out: msg id 1694
[Timeout] Query timed out: msg id 1695
[Timeout] Query timed out: msg id 1696
[Timeout] Query timed out: msg id 1697
[Timeout] Query timed out: msg id 1698
[Timeout] Query timed out: msg id 1699
[Timeout] Query timed out: msg id 1700
[Timeout] Query timed out: msg id 1701
[Timeout] Query timed out: msg id 1702
[Timeout] Query timed out: msg id 1703
[Timeout] Query timed out: msg id 1704
[Timeout] Query timed out: msg id 1705
[Timeout] Query timed out: msg id 1706
[Timeout] Query timed out: msg id 1707
[Timeout] Query timed out: msg id 1708
[Timeout] Query timed out: msg id 1709
[Timeout] Query timed out: msg id 1710
[Timeout] Query timed out: msg id 1711
[Timeout] Query timed out: msg id 1712
[Timeout] Query timed out: msg id 1713
[Timeout] Query timed out: msg id 1714
[Timeout] Query timed out: msg id 1715
[Timeout] Query timed out: msg id 1716
[Timeout] Query timed out: msg id 1717
[Timeout] Query timed out: msg id 1718
[Timeout] Query timed out: msg id 1719
[Timeout] Query timed out: msg id 1720
[Timeout] Query timed out: msg id 1721
[Timeout] Query timed out: msg id 1722
[Timeout] Query timed out: msg id 1723
[Timeout] Query timed out: msg id 1724
[Timeout] Query timed out: msg id 1725
[Timeout] Query timed out: msg id 1726
[Timeout] Query timed out: msg id 1727
[Timeout] Query timed out: msg id 1728
[Timeout] Query timed out: msg id 1729
[Timeout] Query timed out: msg id 1730
[Timeout] Query timed out: msg id 1731
[Timeout] Query timed out: msg id 1732
[Timeout] Query timed out: msg id 1733
[Timeout] Query timed out: msg id 1734
[Timeout] Query timed out: msg id 1735
[Timeout] Query timed out: msg id 1736
[Timeout] Query timed out: msg id 1737
[Timeout] Query timed out: msg id 1738
[Timeout] Query timed out: msg id 1739
[Timeout] Query timed out: msg id 1740
[Timeout] Query timed out: msg id 1741
[Timeout] Query timed out: msg id 1742
[Timeout] Query timed out: msg id 1743
[Timeout] Query timed out: msg id 1744
[Timeout] Query timed out: msg id 1745
[Timeout] Query timed out: msg id 1746
[Timeout] Query timed out: msg id 1747
[Timeout] Query timed out: msg id 1748
[Timeout] Query timed out: msg id 1749
[Timeout] Query timed out: msg id 1750
[Timeout] Query timed out: msg id 1751
[Timeout] Query timed out: msg id 1752
[Timeout] Query timed out: msg id 1753
[Timeout] Query timed out: msg id 1754
[Timeout] Query timed out: msg id 1755
[Timeout] Query timed out: msg id 1756
[Timeout] Query timed out: msg id 1757
[Timeout] Query timed out: msg id 1758
[Timeout] Query timed out: msg id 1759
[Timeout] Query timed out: msg id 1760
[Timeout] Query timed out: msg id 1761
[Timeout] Query timed out: msg id 1762
[Timeout] Query timed out: msg id 1763
[Timeout] Query timed out: msg id 1764
[Timeout] Query timed out: msg id 1765
[Timeout] Query timed out: msg id 1766
[Timeout] Query timed out: msg id 1767
[Timeout] Query timed out: msg id 1768
[Timeout] Query timed out: msg id 1769
[Timeout] Query timed out: msg id 1770
[Timeout] Query timed out: msg id 1771
[Timeout] Query timed out: msg id 1772
[Timeout] Query timed out: msg id 1773
[Timeout] Query timed out: msg id 1774
[Timeout] Query timed out: msg id 1775
[Timeout] Query timed out: msg id 1776
[Timeout] Query timed out: msg id 1777
[Timeout] Query timed out: msg id 1778
[Timeout] Query timed out: msg id 1779
[Timeout] Query timed out: msg id 1780
[Timeout] Query timed out: msg id 1781
[Timeout] Query timed out: msg id 1782
[Timeout] Query timed out: msg id 1783
[Timeout] Query timed out: msg id 1784
[Timeout] Query timed out: msg id 1785
[Timeout] Query timed out: msg id 1786
[Timeout] Query timed out: msg id 1787
[Timeout] Query timed out: msg id 1788
[Timeout] Query timed out: msg id 1789
[Timeout] Query timed out: msg id 1790
[Timeout] Query timed out: msg id 1791
[Timeout] Query timed out: msg id 1792
[Timeout] Query timed out: msg id 1793
[Timeout] Query timed out: msg id 1794
[Timeout] Query timed out: msg id 1795
[Timeout] Query timed out: msg id 1796
[Timeout] Query timed out: msg id 1797
[Timeout] Query timed out: msg id 1798
[Timeout] Query timed out: msg id 1799
[Timeout] Query timed out: msg id 1800
[Timeout] Query timed out: msg id 1801
[Timeout] Query timed out: msg id 1802
[Timeout] Query timed out: msg id 1803
[Timeout] Query timed out: msg id 1804
[Timeout] Query timed out: msg id 1805
[Timeout] Query timed out: msg id 1806
[Timeout] Query timed out: msg id 1807
[Timeout] Query timed out: msg id 1808
[Timeout] Query timed out: msg id 1809
[Timeout] Query timed out: msg id 1810
[Timeout] Query timed out: msg id 1811
[Timeout] Query timed out: msg id 1812
[Timeout] Query timed out: msg id 1813
[Timeout] Query timed out: msg id 1814
[Timeout] Query timed out: msg id 1815
[Timeout] Query timed out: msg id 1816
[Timeout] Query timed out: msg id 1817
[Timeout] Query timed out: msg id 1818
[Timeout] Query timed out: msg id 1819
[Timeout] Query timed out: msg id 1820
[Timeout] Query timed out: msg id 1821
[Timeout] Query timed out: msg id 1822
[Timeout] Query timed out: msg id 1823
[Timeout] Query timed out: msg id 1824
[Timeout] Query timed out: msg id 1825
[Timeout] Query timed out: msg id 1826
[Timeout] Query timed out: msg id 1827
[Timeout] Query timed out: msg id 1828
[Timeout] Query timed out: msg id 1829
[Timeout] Query timed out: msg id 1830
[Timeout] Query timed out: msg id 1831
[Timeout] Query timed out: msg id 1832
[Timeout] Query timed out: msg id 1833
[Timeout] Query timed out: msg id 1834
[Timeout] Query timed out: msg id 1835
[Timeout] Query timed out: msg id 1836
[Timeout] Query timed out: msg id 1837
[Timeout] Query timed out: msg id 1838
[Timeout] Query timed out: msg id 1839
[Timeout] Query timed out: msg id 1840
[Timeout] Query timed out: msg id 1841
[Timeout] Query timed out: msg id 1842
[Timeout] Query timed out: msg id 1843
[Timeout] Query timed out: msg id 1844
[Timeout] Query timed out: msg id 1845
[Timeout] Query timed out: msg id 1846
[Timeout] Query timed out: msg id 1847
[Timeout] Query timed out: msg id 1848
[Timeout] Query timed out: msg id 1849
[Timeout] Query timed out: msg id 1850
[Timeout] Query timed out: msg id 1851
[Timeout] Query timed out: msg id 1852
[Timeout] Query timed out: msg id 1853
[Timeout] Query timed out: msg id 1854
[Timeout] Query timed out: msg id 1855
[Timeout] Query timed out: msg id 1856
[Timeout] Query timed out: msg id 1857
[Timeout] Query timed out: msg id 1858
[Timeout] Query timed out: msg id 1859
[Timeout] Query timed out: msg id 1860
[Timeout] Query timed out: msg id 1861
[Timeout] Query timed out: msg id 1862
[Timeout] Query timed out: msg id 1863
[Timeout] Query timed out: msg id 1864
[Timeout] Query timed out: msg id 1865
[Timeout] Query timed out: msg id 1866
[Timeout] Query timed out: msg id 1867
[Timeout] Query timed out: msg id 1868
[Timeout] Query timed out: msg id 1869
[Timeout] Query timed out: msg id 1870
[Timeout] Query timed out: msg id 1871
[Timeout] Query timed out: msg id 1872
[Timeout] Query timed out: msg id 1873
[Timeout] Query timed out: msg id 1874
[Timeout] Query timed out: msg id 1875
[Timeout] Query timed out: msg id 1876
[Timeout] Query timed out: msg id 1877
[Timeout] Query timed out: msg id 1878
[Timeout] Query timed out: msg id 1879
[Timeout] Query timed out: msg id 1880
[Timeout] Query timed out: msg id 1881
[Timeout] Query timed out: msg id 1882
[Timeout] Query timed out: msg id 1883
[Timeout] Query timed out: msg id 1884
[Timeout] Query timed out: msg id 1885
[Timeout] Query timed out: msg id 1886
[Timeout] Query timed out: msg id 1887
[Timeout] Query timed out: msg id 1888
[Timeout] Query timed out: msg id 1889
[Timeout] Query timed out: msg id 1890
[Timeout] Query timed out: msg id 1891
[Timeout] Query timed out: msg id 1892
[Timeout] Query timed out: msg id 1893
[Timeout] Query timed out: msg id 1894
[Timeout] Query timed out: msg id 1895
[Timeout] Query timed out: msg id 1896
[Timeout] Query timed out: msg id 1897
[Timeout] Query timed out: msg id 1898
[Timeout] Query timed out: msg id 1899
[Timeout] Query timed out: msg id 1900
[Timeout] Query timed out: msg id 1901
[Timeout] Query timed out: msg id 1902
[Timeout] Query timed out: msg id 1903
[Timeout] Query timed out: msg id 1904
[Timeout] Query timed out: msg id 1905
[Timeout] Query timed out: msg id 1906
[Timeout] Query timed out: msg id 1907
[Timeout] Query timed out: msg id 1908
[Timeout] Query timed out: msg id 1909
[Timeout] Query timed out: msg id 1910
[Timeout] Query timed out: msg id 1911
[Timeout] Query timed out: msg id 1912
[Timeout] Query timed out: msg id 1913
[Timeout] Query timed out: msg id 1914
[Timeout] Query timed out: msg id 1915
[Timeout] Query timed out: msg id 1916
[Timeout] Query timed out: msg id 1917
[Timeout] Query timed out: msg id 1918
[Timeout] Query timed out: msg id 1919
[Timeout] Query timed out: msg id 1920
[Timeout] Query timed out: msg id 1921
[Timeout] Query timed out: msg id 1922
[Timeout] Query timed out: msg id 1923
[Timeout] Query timed out: msg id 1924
[Timeout] Query timed out: msg id 1925
[Timeout] Query timed out: msg id 1926
[Timeout] Query timed out: msg id 1927
[Timeout] Query timed out: msg id 1928
[Timeout] Query timed out: msg id 1929
[Timeout] Query timed out: msg id 1930
[Timeout] Query timed out: msg id 1931
[Timeout] Query timed out: msg id 1932
[Timeout] Query timed out: msg id 1933
[Timeout] Query timed out: msg id 1934
[Timeout] Query timed out: msg id 1935
[Timeout] Query timed out: msg id 1936
[Timeout] Query timed out: msg id 1937
[Timeout] Query timed out: msg id 1938
[Timeout] Query timed out: msg id 1939
[Timeout] Query timed out: msg id 1940
[Timeout] Query timed out: msg id 1941
[Timeout] Query timed out: msg id 1942
[Timeout] Query timed out: msg id 1943
[Timeout] Query timed out: msg id 1944
[Timeout] Query timed out: msg id 1945
[Timeout] Query timed out: msg id 1946
[Timeout] Query timed out: msg id 1947
[Timeout] Query timed out: msg id 1948
[Timeout] Query timed out: msg id 1949
[Timeout] Query timed out: msg id 1950
[Timeout] Query timed out: msg id 1951
[Timeout] Query timed out: msg id 1952
[Timeout] Query timed out: msg id 1953
[Timeout] Query timed out: msg id 1954
[Timeout] Query timed out: msg id 1955
[Timeout] Query timed out: msg id 1956
[Timeout] Query timed out: msg id 1957
[Timeout] Query timed out: msg id 1958
[Timeout] Query timed out: msg id 1959
[Timeout] Query timed out: msg id 1960
[Timeout] Query timed out: msg id 1961
[Timeout] Query timed out: msg id 1962
[Timeout] Query timed out: msg id 1963
[Timeout] Query timed out: msg id 1964
[Timeout] Query timed out: msg id 1965
[Timeout] Query timed out: msg id 1966
[Timeout] Query timed out: msg id 1967
[Timeout] Query timed out: msg id 1968
[Timeout] Query timed out: msg id 1969
[Timeout] Query timed out: msg id 1970
[Timeout] Query timed out: msg id 1971
[Timeout] Query timed out: msg id 1972
[Timeout] Query timed out: msg id 1973
[Timeout] Query timed out: msg id 1974
[Timeout] Query timed out: msg id 1975
[Timeout] Query timed out: msg id 1976
[Timeout] Query timed out: msg id 1977
[Timeout] Query timed out: msg id 1978
[Timeout] Query timed out: msg id 1979
[Timeout] Query timed out: msg id 1980
[Timeout] Query timed out: msg id 1981
[Timeout] Query timed out: msg id 1982
[Timeout] Query timed out: msg id 1983
[Timeout] Query timed out: msg id 1984
[Timeout] Query timed out: msg id 1985
[Timeout] Query timed out: msg id 1986
[Timeout] Query timed out: msg id 1987
[Timeout] Query timed out: msg id 1988
[Timeout] Query timed out: msg id 1989
[Timeout] Query timed out: msg id 1990
[Timeout] Query timed out: msg id 1991
[Timeout] Query timed out: msg id 1992
[Timeout] Query timed out: msg id 1993
[Timeout] Query timed out: msg id 1994
[Timeout] Query timed out: msg id 1995
[Timeout] Query timed out: msg id 1996
[Timeout] Query timed out: msg id 1997
[Timeout] Query timed out: msg id 1998
[Timeout] Query timed out: msg id 2198
[Timeout] Query timed out: msg id 2199
[Timeout] Query timed out: msg id 2200
[Timeout] Query timed out: msg id 2201
[Timeout] Query timed out: msg id 2202
[Timeout] Query timed out: msg id 2203
[Timeout] Query timed out: msg id 2204
[Timeout] Query timed out: msg id 2205
[Timeout] Query timed out: msg id 2206
[Timeout] Query timed out: msg id 2207
[Timeout] Query timed out: msg id 2208
[Timeout] Query timed out: msg id 2209
[Timeout] Query timed out: msg id 2210
[Timeout] Query timed out: msg id 2211
[Timeout] Query timed out: msg id 2212
[Timeout] Query timed out: msg id 2213
[Timeout] Query timed out: msg id 2214
[Timeout] Query timed out: msg id 2215
[Timeout] Query timed out: msg id 2216
[Timeout] Query timed out: msg id 2217
[Timeout] Query timed out: msg id 2218
[Timeout] Query timed out: msg id 2219
[Timeout] Query timed out: msg id 2220
[Timeout] Query timed out: msg id 2221
[Timeout] Query timed out: msg id 2222
[Timeout] Query timed out: msg id 2223
[Timeout] Query timed out: msg id 2224
[Timeout] Query timed out: msg id 2225
[Timeout] Query timed out: msg id 2226
[Timeout] Query timed out: msg id 2227
[Timeout] Query timed out: msg id 2228
[Timeout] Query timed out: msg id 2229
[Timeout] Query timed out: msg id 2230
[Timeout] Query timed out: msg id 2231
[Timeout] Query timed out: msg id 2232
[Timeout] Query timed out: msg id 2233
[Timeout] Query timed out: msg id 2234
[Timeout] Query timed out: msg id 2235
[Timeout] Query timed out: msg id 2386
[Timeout] Query timed out: msg id 2387
[Timeout] Query timed out: msg id 4763
[Timeout] Query timed out: msg id 4764
[Timeout] Query timed out: msg id 4765
[Timeout] Query timed out: msg id 4766
[Timeout] Query timed out: msg id 4767
[Timeout] Query timed out: msg id 4918
[Timeout] Query timed out: msg id 4919
[Status] Testing complete (time limit)

Statistics:

  Queries sent:         299881
  Queries completed:    299033 (99.72%)
  Queries lost:         848 (0.28%)

  Response codes:       NOERROR 224277 (75.00%), NXDOMAIN 74756 (25.00%)
  Average packet size:  request 43, response 79
  Run time (s):         30.000018
  Queries per second:   9967.760686

  Average Latency (s):  0.000079 (min 0.000003, max 0.004836)
  Latency StdDev (s):   0.000283

